

================================================================
== Vitis HLS Report for 'cnn_Pipeline_VITIS_LOOP_28_3'
================================================================
* Date:           Tue Jan 28 03:39:24 2025

* Version:        2023.2 (Build 4023990 on Oct 11 2023)
* Project:        cnn
* Solution:       solution1 (Vivado IP Flow Target)
* Product family: virtexuplus
* Target device:  xcvu11p-flga2577-1-e


================================================================
== Performance Estimates
================================================================
+ Timing: 
    * Summary: 
    +--------+----------+----------+------------+
    |  Clock |  Target  | Estimated| Uncertainty|
    +--------+----------+----------+------------+
    |ap_clk  |  10.00 ns|  2.914 ns|     2.70 ns|
    +--------+----------+----------+------------+

+ Latency: 
    * Summary: 
    +---------+---------+----------+----------+-----+-----+---------+
    |  Latency (cycles) |  Latency (absolute) |  Interval | Pipeline|
    |   min   |   max   |    min   |    max   | min | max |   Type  |
    +---------+---------+----------+----------+-----+-----+---------+
    |       32|       32|  0.320 us|  0.320 us|   32|   32|       no|
    +---------+---------+----------+----------+-----+-----+---------+

    + Detail: 
        * Instance: 
        N/A

        * Loop: 
        +-------------------+---------+---------+----------+-----------+-----------+------+----------+
        |                   |  Latency (cycles) | Iteration|  Initiation Interval  | Trip |          |
        |     Loop Name     |   min   |   max   |  Latency |  achieved |   target  | Count| Pipelined|
        +-------------------+---------+---------+----------+-----------+-----------+------+----------+
        |- VITIS_LOOP_28_3  |       30|       30|         1|          1|          1|    30|       yes|
        +-------------------+---------+---------+----------+-----------+-----------+------+----------+



================================================================
== Utilization Estimates
================================================================
* Summary: 
+---------------------+---------+------+---------+---------+-----+
|         Name        | BRAM_18K|  DSP |    FF   |   LUT   | URAM|
+---------------------+---------+------+---------+---------+-----+
|DSP                  |        -|     -|        -|        -|    -|
|Expression           |        -|     -|        0|       97|    -|
|FIFO                 |        -|     -|        -|        -|    -|
|Instance             |        -|     -|        -|        -|    -|
|Memory               |        -|     -|        -|        -|    -|
|Multiplexer          |        -|     -|        -|       63|    -|
|Register             |        -|     -|       23|        -|    -|
+---------------------+---------+------+---------+---------+-----+
|Total                |        0|     0|       23|      160|    0|
+---------------------+---------+------+---------+---------+-----+
|Available SLR        |     1344|  3072|   864000|   432000|  320|
+---------------------+---------+------+---------+---------+-----+
|Utilization SLR (%)  |        0|     0|       ~0|       ~0|    0|
+---------------------+---------+------+---------+---------+-----+
|Available            |     4032|  9216|  2592000|  1296000|  960|
+---------------------+---------+------+---------+---------+-----+
|Utilization (%)      |        0|     0|       ~0|       ~0|    0|
+---------------------+---------+------+---------+---------+-----+

+ Detail: 
    * Instance: 
    N/A

    * DSP: 
    N/A

    * Memory: 
    N/A

    * FIFO: 
    N/A

    * Expression: 
    +------------------------+----------+----+---+----+------------+------------+
    |      Variable Name     | Operation| DSP| FF| LUT| Bitwidth P0| Bitwidth P1|
    +------------------------+----------+----+---+----+------------+------------+
    |add_ln28_1_fu_1554_p2   |         +|   0|  0|  18|          11|           6|
    |add_ln28_2_fu_1668_p2   |         +|   0|  0|  12|           5|           1|
    |add_ln28_fu_1527_p2     |         +|   0|  0|  12|           5|           1|
    |empty_15_fu_1539_p2     |      icmp|   0|  0|  12|           5|           1|
    |empty_fu_1533_p2        |      icmp|   0|  0|  12|           5|           3|
    |icmp_ln28_1_fu_1674_p2  |      icmp|   0|  0|  12|           5|           2|
    |icmp_ln28_fu_1521_p2    |      icmp|   0|  0|  12|           5|           3|
    |empty_16_fu_1545_p2     |        or|   0|  0|   2|           1|           1|
    |select_ln28_fu_1680_p3  |    select|   0|  0|   5|           1|           5|
    +------------------------+----------+----+---+----+------------+------------+
    |Total                   |          |   0|  0|  97|          43|          23|
    +------------------------+----------+----+---+----+------------+------------+

    * Multiplexer: 
    +--------------------------------+----+-----------+-----+-----------+
    |              Name              | LUT| Input Size| Bits| Total Bits|
    +--------------------------------+----+-----------+-----+-----------+
    |ap_done_int                     |   9|          2|    1|          2|
    |ap_sig_allocacmp_i_4            |   9|          2|    5|         10|
    |ap_sig_allocacmp_phi_mul_load   |   9|          2|   11|         22|
    |ap_sig_allocacmp_phi_urem_load  |   9|          2|    5|         10|
    |i_fu_236                        |   9|          2|    5|         10|
    |phi_mul_fu_232                  |   9|          2|   11|         22|
    |phi_urem_fu_228                 |   9|          2|    5|         10|
    +--------------------------------+----+-----------+-----+-----------+
    |Total                           |  63|         14|   43|         86|
    +--------------------------------+----+-----------+-----+-----------+

    * Register: 
    +-----------------+----+----+-----+-----------+
    |       Name      | FF | LUT| Bits| Const Bits|
    +-----------------+----+----+-----+-----------+
    |ap_CS_fsm        |   1|   0|    1|          0|
    |ap_done_reg      |   1|   0|    1|          0|
    |i_fu_236         |   5|   0|    5|          0|
    |phi_mul_fu_232   |  11|   0|   11|          0|
    |phi_urem_fu_228  |   5|   0|    5|          0|
    +-----------------+----+----+-----+-----------+
    |Total            |  23|   0|   23|          0|
    +-----------------+----+----+-----+-----------+



================================================================
== Interface
================================================================
* Summary: 
+-------------------------+-----+-----+------------+------------------------------+--------------+
|        RTL Ports        | Dir | Bits|  Protocol  |         Source Object        |    C Type    |
+-------------------------+-----+-----+------------+------------------------------+--------------+
|ap_clk                   |   in|    1|  ap_ctrl_hs|  cnn_Pipeline_VITIS_LOOP_28_3|  return value|
|ap_rst                   |   in|    1|  ap_ctrl_hs|  cnn_Pipeline_VITIS_LOOP_28_3|  return value|
|ap_start                 |   in|    1|  ap_ctrl_hs|  cnn_Pipeline_VITIS_LOOP_28_3|  return value|
|ap_done                  |  out|    1|  ap_ctrl_hs|  cnn_Pipeline_VITIS_LOOP_28_3|  return value|
|ap_idle                  |  out|    1|  ap_ctrl_hs|  cnn_Pipeline_VITIS_LOOP_28_3|  return value|
|ap_ready                 |  out|    1|  ap_ctrl_hs|  cnn_Pipeline_VITIS_LOOP_28_3|  return value|
|local_input_89_address0  |  out|    4|   ap_memory|                local_input_89|         array|
|local_input_89_ce0       |  out|    1|   ap_memory|                local_input_89|         array|
|local_input_89_we0       |  out|    1|   ap_memory|                local_input_89|         array|
|local_input_89_d0        |  out|    1|   ap_memory|                local_input_89|         array|
|local_input_88_address0  |  out|    4|   ap_memory|                local_input_88|         array|
|local_input_88_ce0       |  out|    1|   ap_memory|                local_input_88|         array|
|local_input_88_we0       |  out|    1|   ap_memory|                local_input_88|         array|
|local_input_88_d0        |  out|   16|   ap_memory|                local_input_88|         array|
|local_input_87_address0  |  out|    4|   ap_memory|                local_input_87|         array|
|local_input_87_ce0       |  out|    1|   ap_memory|                local_input_87|         array|
|local_input_87_we0       |  out|    1|   ap_memory|                local_input_87|         array|
|local_input_87_d0        |  out|   16|   ap_memory|                local_input_87|         array|
|local_input_86_address0  |  out|    4|   ap_memory|                local_input_86|         array|
|local_input_86_ce0       |  out|    1|   ap_memory|                local_input_86|         array|
|local_input_86_we0       |  out|    1|   ap_memory|                local_input_86|         array|
|local_input_86_d0        |  out|   16|   ap_memory|                local_input_86|         array|
|local_input_85_address0  |  out|    4|   ap_memory|                local_input_85|         array|
|local_input_85_ce0       |  out|    1|   ap_memory|                local_input_85|         array|
|local_input_85_we0       |  out|    1|   ap_memory|                local_input_85|         array|
|local_input_85_d0        |  out|   16|   ap_memory|                local_input_85|         array|
|local_input_84_address0  |  out|    4|   ap_memory|                local_input_84|         array|
|local_input_84_ce0       |  out|    1|   ap_memory|                local_input_84|         array|
|local_input_84_we0       |  out|    1|   ap_memory|                local_input_84|         array|
|local_input_84_d0        |  out|   16|   ap_memory|                local_input_84|         array|
|local_input_83_address0  |  out|    4|   ap_memory|                local_input_83|         array|
|local_input_83_ce0       |  out|    1|   ap_memory|                local_input_83|         array|
|local_input_83_we0       |  out|    1|   ap_memory|                local_input_83|         array|
|local_input_83_d0        |  out|   16|   ap_memory|                local_input_83|         array|
|local_input_82_address0  |  out|    4|   ap_memory|                local_input_82|         array|
|local_input_82_ce0       |  out|    1|   ap_memory|                local_input_82|         array|
|local_input_82_we0       |  out|    1|   ap_memory|                local_input_82|         array|
|local_input_82_d0        |  out|   16|   ap_memory|                local_input_82|         array|
|local_input_81_address0  |  out|    4|   ap_memory|                local_input_81|         array|
|local_input_81_ce0       |  out|    1|   ap_memory|                local_input_81|         array|
|local_input_81_we0       |  out|    1|   ap_memory|                local_input_81|         array|
|local_input_81_d0        |  out|   16|   ap_memory|                local_input_81|         array|
|local_input_80_address0  |  out|    4|   ap_memory|                local_input_80|         array|
|local_input_80_ce0       |  out|    1|   ap_memory|                local_input_80|         array|
|local_input_80_we0       |  out|    1|   ap_memory|                local_input_80|         array|
|local_input_80_d0        |  out|   16|   ap_memory|                local_input_80|         array|
|local_input_79_address0  |  out|    4|   ap_memory|                local_input_79|         array|
|local_input_79_ce0       |  out|    1|   ap_memory|                local_input_79|         array|
|local_input_79_we0       |  out|    1|   ap_memory|                local_input_79|         array|
|local_input_79_d0        |  out|   16|   ap_memory|                local_input_79|         array|
|local_input_78_address0  |  out|    4|   ap_memory|                local_input_78|         array|
|local_input_78_ce0       |  out|    1|   ap_memory|                local_input_78|         array|
|local_input_78_we0       |  out|    1|   ap_memory|                local_input_78|         array|
|local_input_78_d0        |  out|   16|   ap_memory|                local_input_78|         array|
|local_input_77_address0  |  out|    4|   ap_memory|                local_input_77|         array|
|local_input_77_ce0       |  out|    1|   ap_memory|                local_input_77|         array|
|local_input_77_we0       |  out|    1|   ap_memory|                local_input_77|         array|
|local_input_77_d0        |  out|   16|   ap_memory|                local_input_77|         array|
|local_input_76_address0  |  out|    4|   ap_memory|                local_input_76|         array|
|local_input_76_ce0       |  out|    1|   ap_memory|                local_input_76|         array|
|local_input_76_we0       |  out|    1|   ap_memory|                local_input_76|         array|
|local_input_76_d0        |  out|   16|   ap_memory|                local_input_76|         array|
|local_input_75_address0  |  out|    4|   ap_memory|                local_input_75|         array|
|local_input_75_ce0       |  out|    1|   ap_memory|                local_input_75|         array|
|local_input_75_we0       |  out|    1|   ap_memory|                local_input_75|         array|
|local_input_75_d0        |  out|   16|   ap_memory|                local_input_75|         array|
|local_input_74_address0  |  out|    4|   ap_memory|                local_input_74|         array|
|local_input_74_ce0       |  out|    1|   ap_memory|                local_input_74|         array|
|local_input_74_we0       |  out|    1|   ap_memory|                local_input_74|         array|
|local_input_74_d0        |  out|   16|   ap_memory|                local_input_74|         array|
|local_input_73_address0  |  out|    4|   ap_memory|                local_input_73|         array|
|local_input_73_ce0       |  out|    1|   ap_memory|                local_input_73|         array|
|local_input_73_we0       |  out|    1|   ap_memory|                local_input_73|         array|
|local_input_73_d0        |  out|   16|   ap_memory|                local_input_73|         array|
|local_input_72_address0  |  out|    4|   ap_memory|                local_input_72|         array|
|local_input_72_ce0       |  out|    1|   ap_memory|                local_input_72|         array|
|local_input_72_we0       |  out|    1|   ap_memory|                local_input_72|         array|
|local_input_72_d0        |  out|   16|   ap_memory|                local_input_72|         array|
|local_input_71_address0  |  out|    4|   ap_memory|                local_input_71|         array|
|local_input_71_ce0       |  out|    1|   ap_memory|                local_input_71|         array|
|local_input_71_we0       |  out|    1|   ap_memory|                local_input_71|         array|
|local_input_71_d0        |  out|   16|   ap_memory|                local_input_71|         array|
|local_input_70_address0  |  out|    4|   ap_memory|                local_input_70|         array|
|local_input_70_ce0       |  out|    1|   ap_memory|                local_input_70|         array|
|local_input_70_we0       |  out|    1|   ap_memory|                local_input_70|         array|
|local_input_70_d0        |  out|   16|   ap_memory|                local_input_70|         array|
|local_input_69_address0  |  out|    4|   ap_memory|                local_input_69|         array|
|local_input_69_ce0       |  out|    1|   ap_memory|                local_input_69|         array|
|local_input_69_we0       |  out|    1|   ap_memory|                local_input_69|         array|
|local_input_69_d0        |  out|   16|   ap_memory|                local_input_69|         array|
|local_input_68_address0  |  out|    4|   ap_memory|                local_input_68|         array|
|local_input_68_ce0       |  out|    1|   ap_memory|                local_input_68|         array|
|local_input_68_we0       |  out|    1|   ap_memory|                local_input_68|         array|
|local_input_68_d0        |  out|   16|   ap_memory|                local_input_68|         array|
|local_input_67_address0  |  out|    4|   ap_memory|                local_input_67|         array|
|local_input_67_ce0       |  out|    1|   ap_memory|                local_input_67|         array|
|local_input_67_we0       |  out|    1|   ap_memory|                local_input_67|         array|
|local_input_67_d0        |  out|   16|   ap_memory|                local_input_67|         array|
|local_input_66_address0  |  out|    4|   ap_memory|                local_input_66|         array|
|local_input_66_ce0       |  out|    1|   ap_memory|                local_input_66|         array|
|local_input_66_we0       |  out|    1|   ap_memory|                local_input_66|         array|
|local_input_66_d0        |  out|   16|   ap_memory|                local_input_66|         array|
|local_input_65_address0  |  out|    4|   ap_memory|                local_input_65|         array|
|local_input_65_ce0       |  out|    1|   ap_memory|                local_input_65|         array|
|local_input_65_we0       |  out|    1|   ap_memory|                local_input_65|         array|
|local_input_65_d0        |  out|   16|   ap_memory|                local_input_65|         array|
|local_input_64_address0  |  out|    4|   ap_memory|                local_input_64|         array|
|local_input_64_ce0       |  out|    1|   ap_memory|                local_input_64|         array|
|local_input_64_we0       |  out|    1|   ap_memory|                local_input_64|         array|
|local_input_64_d0        |  out|   16|   ap_memory|                local_input_64|         array|
|local_input_63_address0  |  out|    4|   ap_memory|                local_input_63|         array|
|local_input_63_ce0       |  out|    1|   ap_memory|                local_input_63|         array|
|local_input_63_we0       |  out|    1|   ap_memory|                local_input_63|         array|
|local_input_63_d0        |  out|   16|   ap_memory|                local_input_63|         array|
|local_input_62_address0  |  out|    4|   ap_memory|                local_input_62|         array|
|local_input_62_ce0       |  out|    1|   ap_memory|                local_input_62|         array|
|local_input_62_we0       |  out|    1|   ap_memory|                local_input_62|         array|
|local_input_62_d0        |  out|   16|   ap_memory|                local_input_62|         array|
|local_input_61_address0  |  out|    4|   ap_memory|                local_input_61|         array|
|local_input_61_ce0       |  out|    1|   ap_memory|                local_input_61|         array|
|local_input_61_we0       |  out|    1|   ap_memory|                local_input_61|         array|
|local_input_61_d0        |  out|   16|   ap_memory|                local_input_61|         array|
|local_input_60_address0  |  out|    4|   ap_memory|                local_input_60|         array|
|local_input_60_ce0       |  out|    1|   ap_memory|                local_input_60|         array|
|local_input_60_we0       |  out|    1|   ap_memory|                local_input_60|         array|
|local_input_60_d0        |  out|    1|   ap_memory|                local_input_60|         array|
|local_input_59_address0  |  out|    4|   ap_memory|                local_input_59|         array|
|local_input_59_ce0       |  out|    1|   ap_memory|                local_input_59|         array|
|local_input_59_we0       |  out|    1|   ap_memory|                local_input_59|         array|
|local_input_59_d0        |  out|    1|   ap_memory|                local_input_59|         array|
|local_input_58_address0  |  out|    4|   ap_memory|                local_input_58|         array|
|local_input_58_ce0       |  out|    1|   ap_memory|                local_input_58|         array|
|local_input_58_we0       |  out|    1|   ap_memory|                local_input_58|         array|
|local_input_58_d0        |  out|   16|   ap_memory|                local_input_58|         array|
|local_input_57_address0  |  out|    4|   ap_memory|                local_input_57|         array|
|local_input_57_ce0       |  out|    1|   ap_memory|                local_input_57|         array|
|local_input_57_we0       |  out|    1|   ap_memory|                local_input_57|         array|
|local_input_57_d0        |  out|   16|   ap_memory|                local_input_57|         array|
|local_input_56_address0  |  out|    4|   ap_memory|                local_input_56|         array|
|local_input_56_ce0       |  out|    1|   ap_memory|                local_input_56|         array|
|local_input_56_we0       |  out|    1|   ap_memory|                local_input_56|         array|
|local_input_56_d0        |  out|   16|   ap_memory|                local_input_56|         array|
|local_input_55_address0  |  out|    4|   ap_memory|                local_input_55|         array|
|local_input_55_ce0       |  out|    1|   ap_memory|                local_input_55|         array|
|local_input_55_we0       |  out|    1|   ap_memory|                local_input_55|         array|
|local_input_55_d0        |  out|   16|   ap_memory|                local_input_55|         array|
|local_input_54_address0  |  out|    4|   ap_memory|                local_input_54|         array|
|local_input_54_ce0       |  out|    1|   ap_memory|                local_input_54|         array|
|local_input_54_we0       |  out|    1|   ap_memory|                local_input_54|         array|
|local_input_54_d0        |  out|   16|   ap_memory|                local_input_54|         array|
|local_input_53_address0  |  out|    4|   ap_memory|                local_input_53|         array|
|local_input_53_ce0       |  out|    1|   ap_memory|                local_input_53|         array|
|local_input_53_we0       |  out|    1|   ap_memory|                local_input_53|         array|
|local_input_53_d0        |  out|   16|   ap_memory|                local_input_53|         array|
|local_input_52_address0  |  out|    4|   ap_memory|                local_input_52|         array|
|local_input_52_ce0       |  out|    1|   ap_memory|                local_input_52|         array|
|local_input_52_we0       |  out|    1|   ap_memory|                local_input_52|         array|
|local_input_52_d0        |  out|   16|   ap_memory|                local_input_52|         array|
|local_input_51_address0  |  out|    4|   ap_memory|                local_input_51|         array|
|local_input_51_ce0       |  out|    1|   ap_memory|                local_input_51|         array|
|local_input_51_we0       |  out|    1|   ap_memory|                local_input_51|         array|
|local_input_51_d0        |  out|   16|   ap_memory|                local_input_51|         array|
|local_input_50_address0  |  out|    4|   ap_memory|                local_input_50|         array|
|local_input_50_ce0       |  out|    1|   ap_memory|                local_input_50|         array|
|local_input_50_we0       |  out|    1|   ap_memory|                local_input_50|         array|
|local_input_50_d0        |  out|   16|   ap_memory|                local_input_50|         array|
|local_input_49_address0  |  out|    4|   ap_memory|                local_input_49|         array|
|local_input_49_ce0       |  out|    1|   ap_memory|                local_input_49|         array|
|local_input_49_we0       |  out|    1|   ap_memory|                local_input_49|         array|
|local_input_49_d0        |  out|   16|   ap_memory|                local_input_49|         array|
|local_input_48_address0  |  out|    4|   ap_memory|                local_input_48|         array|
|local_input_48_ce0       |  out|    1|   ap_memory|                local_input_48|         array|
|local_input_48_we0       |  out|    1|   ap_memory|                local_input_48|         array|
|local_input_48_d0        |  out|   16|   ap_memory|                local_input_48|         array|
|local_input_47_address0  |  out|    4|   ap_memory|                local_input_47|         array|
|local_input_47_ce0       |  out|    1|   ap_memory|                local_input_47|         array|
|local_input_47_we0       |  out|    1|   ap_memory|                local_input_47|         array|
|local_input_47_d0        |  out|   16|   ap_memory|                local_input_47|         array|
|local_input_46_address0  |  out|    4|   ap_memory|                local_input_46|         array|
|local_input_46_ce0       |  out|    1|   ap_memory|                local_input_46|         array|
|local_input_46_we0       |  out|    1|   ap_memory|                local_input_46|         array|
|local_input_46_d0        |  out|   16|   ap_memory|                local_input_46|         array|
|local_input_45_address0  |  out|    4|   ap_memory|                local_input_45|         array|
|local_input_45_ce0       |  out|    1|   ap_memory|                local_input_45|         array|
|local_input_45_we0       |  out|    1|   ap_memory|                local_input_45|         array|
|local_input_45_d0        |  out|   16|   ap_memory|                local_input_45|         array|
|local_input_44_address0  |  out|    4|   ap_memory|                local_input_44|         array|
|local_input_44_ce0       |  out|    1|   ap_memory|                local_input_44|         array|
|local_input_44_we0       |  out|    1|   ap_memory|                local_input_44|         array|
|local_input_44_d0        |  out|   16|   ap_memory|                local_input_44|         array|
|local_input_43_address0  |  out|    4|   ap_memory|                local_input_43|         array|
|local_input_43_ce0       |  out|    1|   ap_memory|                local_input_43|         array|
|local_input_43_we0       |  out|    1|   ap_memory|                local_input_43|         array|
|local_input_43_d0        |  out|   16|   ap_memory|                local_input_43|         array|
|local_input_42_address0  |  out|    4|   ap_memory|                local_input_42|         array|
|local_input_42_ce0       |  out|    1|   ap_memory|                local_input_42|         array|
|local_input_42_we0       |  out|    1|   ap_memory|                local_input_42|         array|
|local_input_42_d0        |  out|   16|   ap_memory|                local_input_42|         array|
|local_input_41_address0  |  out|    4|   ap_memory|                local_input_41|         array|
|local_input_41_ce0       |  out|    1|   ap_memory|                local_input_41|         array|
|local_input_41_we0       |  out|    1|   ap_memory|                local_input_41|         array|
|local_input_41_d0        |  out|   16|   ap_memory|                local_input_41|         array|
|local_input_40_address0  |  out|    4|   ap_memory|                local_input_40|         array|
|local_input_40_ce0       |  out|    1|   ap_memory|                local_input_40|         array|
|local_input_40_we0       |  out|    1|   ap_memory|                local_input_40|         array|
|local_input_40_d0        |  out|   16|   ap_memory|                local_input_40|         array|
|local_input_39_address0  |  out|    4|   ap_memory|                local_input_39|         array|
|local_input_39_ce0       |  out|    1|   ap_memory|                local_input_39|         array|
|local_input_39_we0       |  out|    1|   ap_memory|                local_input_39|         array|
|local_input_39_d0        |  out|   16|   ap_memory|                local_input_39|         array|
|local_input_38_address0  |  out|    4|   ap_memory|                local_input_38|         array|
|local_input_38_ce0       |  out|    1|   ap_memory|                local_input_38|         array|
|local_input_38_we0       |  out|    1|   ap_memory|                local_input_38|         array|
|local_input_38_d0        |  out|   16|   ap_memory|                local_input_38|         array|
|local_input_37_address0  |  out|    4|   ap_memory|                local_input_37|         array|
|local_input_37_ce0       |  out|    1|   ap_memory|                local_input_37|         array|
|local_input_37_we0       |  out|    1|   ap_memory|                local_input_37|         array|
|local_input_37_d0        |  out|   16|   ap_memory|                local_input_37|         array|
|local_input_36_address0  |  out|    4|   ap_memory|                local_input_36|         array|
|local_input_36_ce0       |  out|    1|   ap_memory|                local_input_36|         array|
|local_input_36_we0       |  out|    1|   ap_memory|                local_input_36|         array|
|local_input_36_d0        |  out|   16|   ap_memory|                local_input_36|         array|
|local_input_35_address0  |  out|    4|   ap_memory|                local_input_35|         array|
|local_input_35_ce0       |  out|    1|   ap_memory|                local_input_35|         array|
|local_input_35_we0       |  out|    1|   ap_memory|                local_input_35|         array|
|local_input_35_d0        |  out|   16|   ap_memory|                local_input_35|         array|
|local_input_34_address0  |  out|    4|   ap_memory|                local_input_34|         array|
|local_input_34_ce0       |  out|    1|   ap_memory|                local_input_34|         array|
|local_input_34_we0       |  out|    1|   ap_memory|                local_input_34|         array|
|local_input_34_d0        |  out|   16|   ap_memory|                local_input_34|         array|
|local_input_33_address0  |  out|    4|   ap_memory|                local_input_33|         array|
|local_input_33_ce0       |  out|    1|   ap_memory|                local_input_33|         array|
|local_input_33_we0       |  out|    1|   ap_memory|                local_input_33|         array|
|local_input_33_d0        |  out|   16|   ap_memory|                local_input_33|         array|
|local_input_32_address0  |  out|    4|   ap_memory|                local_input_32|         array|
|local_input_32_ce0       |  out|    1|   ap_memory|                local_input_32|         array|
|local_input_32_we0       |  out|    1|   ap_memory|                local_input_32|         array|
|local_input_32_d0        |  out|   16|   ap_memory|                local_input_32|         array|
|local_input_31_address0  |  out|    4|   ap_memory|                local_input_31|         array|
|local_input_31_ce0       |  out|    1|   ap_memory|                local_input_31|         array|
|local_input_31_we0       |  out|    1|   ap_memory|                local_input_31|         array|
|local_input_31_d0        |  out|   16|   ap_memory|                local_input_31|         array|
|local_input_30_address0  |  out|    4|   ap_memory|                local_input_30|         array|
|local_input_30_ce0       |  out|    1|   ap_memory|                local_input_30|         array|
|local_input_30_we0       |  out|    1|   ap_memory|                local_input_30|         array|
|local_input_30_d0        |  out|    1|   ap_memory|                local_input_30|         array|
|local_input_29_address0  |  out|    4|   ap_memory|                local_input_29|         array|
|local_input_29_ce0       |  out|    1|   ap_memory|                local_input_29|         array|
|local_input_29_we0       |  out|    1|   ap_memory|                local_input_29|         array|
|local_input_29_d0        |  out|    1|   ap_memory|                local_input_29|         array|
|local_input_28_address0  |  out|    4|   ap_memory|                local_input_28|         array|
|local_input_28_ce0       |  out|    1|   ap_memory|                local_input_28|         array|
|local_input_28_we0       |  out|    1|   ap_memory|                local_input_28|         array|
|local_input_28_d0        |  out|   16|   ap_memory|                local_input_28|         array|
|local_input_27_address0  |  out|    4|   ap_memory|                local_input_27|         array|
|local_input_27_ce0       |  out|    1|   ap_memory|                local_input_27|         array|
|local_input_27_we0       |  out|    1|   ap_memory|                local_input_27|         array|
|local_input_27_d0        |  out|   16|   ap_memory|                local_input_27|         array|
|local_input_26_address0  |  out|    4|   ap_memory|                local_input_26|         array|
|local_input_26_ce0       |  out|    1|   ap_memory|                local_input_26|         array|
|local_input_26_we0       |  out|    1|   ap_memory|                local_input_26|         array|
|local_input_26_d0        |  out|   16|   ap_memory|                local_input_26|         array|
|local_input_25_address0  |  out|    4|   ap_memory|                local_input_25|         array|
|local_input_25_ce0       |  out|    1|   ap_memory|                local_input_25|         array|
|local_input_25_we0       |  out|    1|   ap_memory|                local_input_25|         array|
|local_input_25_d0        |  out|   16|   ap_memory|                local_input_25|         array|
|local_input_24_address0  |  out|    4|   ap_memory|                local_input_24|         array|
|local_input_24_ce0       |  out|    1|   ap_memory|                local_input_24|         array|
|local_input_24_we0       |  out|    1|   ap_memory|                local_input_24|         array|
|local_input_24_d0        |  out|   16|   ap_memory|                local_input_24|         array|
|local_input_23_address0  |  out|    4|   ap_memory|                local_input_23|         array|
|local_input_23_ce0       |  out|    1|   ap_memory|                local_input_23|         array|
|local_input_23_we0       |  out|    1|   ap_memory|                local_input_23|         array|
|local_input_23_d0        |  out|   16|   ap_memory|                local_input_23|         array|
|local_input_22_address0  |  out|    4|   ap_memory|                local_input_22|         array|
|local_input_22_ce0       |  out|    1|   ap_memory|                local_input_22|         array|
|local_input_22_we0       |  out|    1|   ap_memory|                local_input_22|         array|
|local_input_22_d0        |  out|   16|   ap_memory|                local_input_22|         array|
|local_input_21_address0  |  out|    4|   ap_memory|                local_input_21|         array|
|local_input_21_ce0       |  out|    1|   ap_memory|                local_input_21|         array|
|local_input_21_we0       |  out|    1|   ap_memory|                local_input_21|         array|
|local_input_21_d0        |  out|   16|   ap_memory|                local_input_21|         array|
|local_input_20_address0  |  out|    4|   ap_memory|                local_input_20|         array|
|local_input_20_ce0       |  out|    1|   ap_memory|                local_input_20|         array|
|local_input_20_we0       |  out|    1|   ap_memory|                local_input_20|         array|
|local_input_20_d0        |  out|   16|   ap_memory|                local_input_20|         array|
|local_input_19_address0  |  out|    4|   ap_memory|                local_input_19|         array|
|local_input_19_ce0       |  out|    1|   ap_memory|                local_input_19|         array|
|local_input_19_we0       |  out|    1|   ap_memory|                local_input_19|         array|
|local_input_19_d0        |  out|   16|   ap_memory|                local_input_19|         array|
|local_input_18_address0  |  out|    4|   ap_memory|                local_input_18|         array|
|local_input_18_ce0       |  out|    1|   ap_memory|                local_input_18|         array|
|local_input_18_we0       |  out|    1|   ap_memory|                local_input_18|         array|
|local_input_18_d0        |  out|   16|   ap_memory|                local_input_18|         array|
|local_input_17_address0  |  out|    4|   ap_memory|                local_input_17|         array|
|local_input_17_ce0       |  out|    1|   ap_memory|                local_input_17|         array|
|local_input_17_we0       |  out|    1|   ap_memory|                local_input_17|         array|
|local_input_17_d0        |  out|   16|   ap_memory|                local_input_17|         array|
|local_input_16_address0  |  out|    4|   ap_memory|                local_input_16|         array|
|local_input_16_ce0       |  out|    1|   ap_memory|                local_input_16|         array|
|local_input_16_we0       |  out|    1|   ap_memory|                local_input_16|         array|
|local_input_16_d0        |  out|   16|   ap_memory|                local_input_16|         array|
|local_input_15_address0  |  out|    4|   ap_memory|                local_input_15|         array|
|local_input_15_ce0       |  out|    1|   ap_memory|                local_input_15|         array|
|local_input_15_we0       |  out|    1|   ap_memory|                local_input_15|         array|
|local_input_15_d0        |  out|   16|   ap_memory|                local_input_15|         array|
|local_input_14_address0  |  out|    4|   ap_memory|                local_input_14|         array|
|local_input_14_ce0       |  out|    1|   ap_memory|                local_input_14|         array|
|local_input_14_we0       |  out|    1|   ap_memory|                local_input_14|         array|
|local_input_14_d0        |  out|   16|   ap_memory|                local_input_14|         array|
|local_input_13_address0  |  out|    4|   ap_memory|                local_input_13|         array|
|local_input_13_ce0       |  out|    1|   ap_memory|                local_input_13|         array|
|local_input_13_we0       |  out|    1|   ap_memory|                local_input_13|         array|
|local_input_13_d0        |  out|   16|   ap_memory|                local_input_13|         array|
|local_input_12_address0  |  out|    4|   ap_memory|                local_input_12|         array|
|local_input_12_ce0       |  out|    1|   ap_memory|                local_input_12|         array|
|local_input_12_we0       |  out|    1|   ap_memory|                local_input_12|         array|
|local_input_12_d0        |  out|   16|   ap_memory|                local_input_12|         array|
|local_input_11_address0  |  out|    4|   ap_memory|                local_input_11|         array|
|local_input_11_ce0       |  out|    1|   ap_memory|                local_input_11|         array|
|local_input_11_we0       |  out|    1|   ap_memory|                local_input_11|         array|
|local_input_11_d0        |  out|   16|   ap_memory|                local_input_11|         array|
|local_input_10_address0  |  out|    4|   ap_memory|                local_input_10|         array|
|local_input_10_ce0       |  out|    1|   ap_memory|                local_input_10|         array|
|local_input_10_we0       |  out|    1|   ap_memory|                local_input_10|         array|
|local_input_10_d0        |  out|   16|   ap_memory|                local_input_10|         array|
|local_input_9_address0   |  out|    4|   ap_memory|                 local_input_9|         array|
|local_input_9_ce0        |  out|    1|   ap_memory|                 local_input_9|         array|
|local_input_9_we0        |  out|    1|   ap_memory|                 local_input_9|         array|
|local_input_9_d0         |  out|   16|   ap_memory|                 local_input_9|         array|
|local_input_8_address0   |  out|    4|   ap_memory|                 local_input_8|         array|
|local_input_8_ce0        |  out|    1|   ap_memory|                 local_input_8|         array|
|local_input_8_we0        |  out|    1|   ap_memory|                 local_input_8|         array|
|local_input_8_d0         |  out|   16|   ap_memory|                 local_input_8|         array|
|local_input_7_address0   |  out|    4|   ap_memory|                 local_input_7|         array|
|local_input_7_ce0        |  out|    1|   ap_memory|                 local_input_7|         array|
|local_input_7_we0        |  out|    1|   ap_memory|                 local_input_7|         array|
|local_input_7_d0         |  out|   16|   ap_memory|                 local_input_7|         array|
|local_input_6_address0   |  out|    4|   ap_memory|                 local_input_6|         array|
|local_input_6_ce0        |  out|    1|   ap_memory|                 local_input_6|         array|
|local_input_6_we0        |  out|    1|   ap_memory|                 local_input_6|         array|
|local_input_6_d0         |  out|   16|   ap_memory|                 local_input_6|         array|
|local_input_5_address0   |  out|    4|   ap_memory|                 local_input_5|         array|
|local_input_5_ce0        |  out|    1|   ap_memory|                 local_input_5|         array|
|local_input_5_we0        |  out|    1|   ap_memory|                 local_input_5|         array|
|local_input_5_d0         |  out|   16|   ap_memory|                 local_input_5|         array|
|local_input_4_address0   |  out|    4|   ap_memory|                 local_input_4|         array|
|local_input_4_ce0        |  out|    1|   ap_memory|                 local_input_4|         array|
|local_input_4_we0        |  out|    1|   ap_memory|                 local_input_4|         array|
|local_input_4_d0         |  out|   16|   ap_memory|                 local_input_4|         array|
|local_input_3_address0   |  out|    4|   ap_memory|                 local_input_3|         array|
|local_input_3_ce0        |  out|    1|   ap_memory|                 local_input_3|         array|
|local_input_3_we0        |  out|    1|   ap_memory|                 local_input_3|         array|
|local_input_3_d0         |  out|   16|   ap_memory|                 local_input_3|         array|
|local_input_2_address0   |  out|    4|   ap_memory|                 local_input_2|         array|
|local_input_2_ce0        |  out|    1|   ap_memory|                 local_input_2|         array|
|local_input_2_we0        |  out|    1|   ap_memory|                 local_input_2|         array|
|local_input_2_d0         |  out|   16|   ap_memory|                 local_input_2|         array|
|local_input_1_address0   |  out|    4|   ap_memory|                 local_input_1|         array|
|local_input_1_ce0        |  out|    1|   ap_memory|                 local_input_1|         array|
|local_input_1_we0        |  out|    1|   ap_memory|                 local_input_1|         array|
|local_input_1_d0         |  out|   16|   ap_memory|                 local_input_1|         array|
|local_input_address0     |  out|    4|   ap_memory|                   local_input|         array|
|local_input_ce0          |  out|    1|   ap_memory|                   local_input|         array|
|local_input_we0          |  out|    1|   ap_memory|                   local_input|         array|
|local_input_d0           |  out|    1|   ap_memory|                   local_input|         array|
+-------------------------+-----+-----+------------+------------------------------+--------------+

